<?xml version="1.0" encoding="utf-8"?><testsuites name="pytest tests"><testsuite name="pytest" errors="0" failures="0" skipped="0" tests="3" time="45.183" timestamp="2025-07-19T13:17:50.337117+05:30" hostname="Utkarsh"><testcase classname="tests.test_login" name="test_valid_login" time="12.816" /><testcase classname="tests.test_login" name="test_invalid_login" time="11.482" /><testcase classname="tests.test_login" name="test_logout" time="20.796" /></testsuite></testsuites>